<?xml version="1.0" encoding="UTF-8"?>
<TestRun id="2b1af7d3-963b-4010-b3fe-1516da0155ae" name="Truong Tho@TRUONGTHO-PC 2012-02-27 21:13:19" runUser="TruongTho-PC\Truong Tho" xmlns="http://microsoft.com/schemas/VisualStudio/TeamTest/2010">
  <TestSettings name="Local" id="5f839450-edc6-4321-bffc-635f21b0b0d3">
    <Description>These are default test settings for a local test run.</Description>
    <Deployment userDeploymentRoot="F:\Workplace\WPF-WCF\SourceProject\kyan-projects\FlashCard\TestResults" useDefaultDeploymentRoot="false" enabled="false" runDeploymentRoot="Truong Tho_TRUONGTHO-PC 2012-02-27 21_13_19">
      <DeploymentItem filename="F:\Workplace\WPF-WCF\SourceProject\kyan-projects\FlashCard\FlashCare.Core\MVVMHelper\bin\Debug\MVVMHelper.dll" />
      <DeploymentItem filename="F:\Workplace\WPF-WCF\SourceProject\kyan-projects\FlashCard\FlashCard.Data\FlashCard.DataAccess\bin\Debug\SqliteORM.dll" />
      <DeploymentItem filename="C:\Program Files (x86)\System.Data.SQLite\2010\bin\System.Data.SQLite.dll" />
      <DeploymentItem filename="F:\Workplace\WPF-WCF\SourceProject\kyan-projects\FlashCard\FlashCard.Data\FlashCard.Model\bin\Debug\FlashCard.Model.dll" />
      <DeploymentItem filename="F:\Workplace\WPF-WCF\SourceProject\kyan-projects\FlashCard\FlashCard.Data\FlashCard.DataAccess\bin\Debug\Anito.Data.SqliteClient.dll" />
      <DeploymentItem filename="F:\Workplace\WPF-WCF\SourceProject\kyan-projects\FlashCard\FlashCard.Data\FlashCard.DataAccess\bin\Debug\FlashCard.DataAccess.dll" />
      <DeploymentItem filename="F:\Workplace\WPF-WCF\SourceProject\kyan-projects\FlashCard\FlashCard.Data\FlashCard.DataAccess\bin\Debug\Anito.Data.dll" />
    </Deployment>
    <Execution>
      <TestTypeSpecific />
      <AgentRule name="Execution Agents">
      </AgentRule>
    </Execution>
  </TestSettings>
  <Times creation="2012-02-27T21:13:19.8952655+07:00" queuing="2012-02-27T21:13:19.9782702+07:00" start="2012-02-27T21:13:19.9982714+07:00" finish="2012-02-27T21:13:20.8363193+07:00" />
  <ResultSummary outcome="Failed">
    <Counters total="1" executed="1" error="0" failed="1" timeout="0" aborted="0" inconclusive="0" passedButRunAborted="0" notRunnable="0" notExecuted="0" disconnected="0" warning="0" passed="0" completed="0" inProgress="0" pending="0" />
  </ResultSummary>
  <TestDefinitions>
    <UnitTest name="GetAllTest" storage="f:\workplace\wpf-wcf\sourceproject\kyan-projects\flashcard\testdataaccessproject1\bin\debug\testdataaccessproject1.dll" id="73bbf91b-6ab5-aa82-3875-e9a710aedcc1">
      <Execution id="7f835468-e75c-492a-bd41-18e9daa0c8b8" />
      <TestMethod codeBase="F:/Workplace/WPF-WCF/SourceProject/kyan-projects/FlashCard/TestDataAccessProject1/bin/Debug/TestDataAccessProject1.DLL" adapterTypeName="Microsoft.VisualStudio.TestTools.TestTypes.Unit.UnitTestAdapter, Microsoft.VisualStudio.QualityTools.Tips.UnitTest.Adapter, Version=10.0.0.0, Culture=neutral, PublicKeyToken=b03f5f7f11d50a3a" className="TestDataAccessProject1.LessonDataAccessTest, TestDataAccessProject1, Version=1.0.0.0, Culture=neutral, PublicKeyToken=null" name="GetAllTest" />
    </UnitTest>
  </TestDefinitions>
  <TestLists>
    <TestList name="Results Not in a List" id="8c84fa94-04c1-424b-9868-57a2d4851a1d" />
    <TestList name="All Loaded Results" id="19431567-8539-422a-85d7-44ee4e166bda" />
  </TestLists>
  <TestEntries>
    <TestEntry testId="73bbf91b-6ab5-aa82-3875-e9a710aedcc1" executionId="7f835468-e75c-492a-bd41-18e9daa0c8b8" testListId="8c84fa94-04c1-424b-9868-57a2d4851a1d" />
  </TestEntries>
  <Results>
    <UnitTestResult executionId="7f835468-e75c-492a-bd41-18e9daa0c8b8" testId="73bbf91b-6ab5-aa82-3875-e9a710aedcc1" testName="GetAllTest" computerName="TRUONGTHO-PC" duration="00:00:00.1256784" startTime="2012-02-27T21:13:20.1492800+07:00" endTime="2012-02-27T21:13:20.8113179+07:00" testType="13cdc9d9-ddb5-4fa4-a97d-d965ccfc6d4b" outcome="Failed" testListId="8c84fa94-04c1-424b-9868-57a2d4851a1d" relativeResultsDirectory="7f835468-e75c-492a-bd41-18e9daa0c8b8">
      <Output>
        <ErrorInfo>
          <Message>Test method TestDataAccessProject1.LessonDataAccessTest.GetAllTest threw exception: 
System.InvalidOperationException: Database is not open</Message>
          <StackTrace>    at System.Data.SQLite.SQLiteCommand.InitializeForReader() in c:\dev\sqlite\dotnet\System.Data.SQLite\SQLiteCommand.cs:line 556
   at System.Data.SQLite.SQLiteCommand.ExecuteReader(CommandBehavior behavior) in c:\dev\sqlite\dotnet\System.Data.SQLite\SQLiteCommand.cs:line 590
   at System.Data.SQLite.SQLiteCommand.ExecuteReader() in c:\dev\sqlite\dotnet\System.Data.SQLite\SQLiteCommand.cs:line 604
   at FlashCard.DataAccess.LessonDataAccess.GetAll() in F:\Workplace\WPF-WCF\SourceProject\kyan-projects\FlashCard\FlashCard.Data\FlashCard.DataAccess\DataAccess\LessonDataAccess.cs:line 62
   at TestDataAccessProject1.LessonDataAccessTest.GetAllTest() in F:\Workplace\WPF-WCF\SourceProject\kyan-projects\FlashCard\TestDataAccessProject1\LessonDataAccessTest.cs:line 92
</StackTrace>
        </ErrorInfo>
      </Output>
    </UnitTestResult>
  </Results>
</TestRun>